---
source: tests/parser_tests.rs
expression: "ast.items.iter().map(|i|\n                         print.visit_item(i)).reduce(|a, b|\n                                                         format!(\"{}\\n{}\", a,\n                                                                 b)).unwrap()"

---
[0..3]  fun "[4..5] Spur { key: 1 }"
[7..17] {	
	([14..15] #2)
	}
[22..39] item error [26..27] ExpectedIdentifier
[43..46]  fun "[47..50] Spur { key: 2 }"
[52..62] {	
	([59..60] #3)
	}
