---
source: tests/tests.rs
expression: "debug_print::visit(&ast, true, false, None, Some(&types))"

---
fun a ()  {
	(let a = #3: int): pointer
	(let b = ($a: int + #5: int): int): pointer
	(let c = {
		($a: int + $b: int): int
	}: int): pointer
	(let d = {
		(a = $b: int): void
	}: void): pointer
}: void

===
