---
source: tests/tests.rs
expression: "test_util(path, false, false, true)"

---
fun a@0 (arg1@1 : NonExistant@X, arg2@2 : int@T2)  {
	(($arg2@2: int) = {
		(#2: int + #2: int): int
	}: int): void
	(($arg2@2: int) = {
		(($arg2@2: int) = #3: int): void
	}: void): void
	(#3: int + {
		
	}: void): error
}: error

===
Undeclared type. [12..23]
Mismatched type. Expected: int, got: void. [67..77]
Wrong types for '+': int and void [83..84]
