---
source: tests/tests.rs
expression: "test_util(path, true, false, false)"

---
[0..3] fun [4..7] asd [7..31] ([8..13] parm1 [13..14] : [15..18] Tt1, [20..26] param2 [26..27] : [28..31] Tt2) [33..35] -> [36..40] void [41..99] {
	[48..69] {
		([59..60] #2 [60..61] + [61..62] #2)
	}
	[75..96] {
		[86..89] Err
	}
}

===
Expected prefix token. [86..87]
