---
source: tests/tests.rs
expression: "test_util(path, false, false, true)"

---
unif img@0 : image2d
fun f (a@1 : float4)  {
	($a@1: vector).xyzw
	($a@1: vector).xxx
	($a@1: vector).yx
	($a@1: vector).w
	($a@1: vector)[#3: int]
	($a@1: vector)[#0: int]
	(($img@0: image)[#123: int] = $a@1: vector): void
	($img@0: image)[#123: int]
	($a@1: vector).xyaw
	($a@1: vector).b
	($a@1: vector)[#4: int]
	($a@1: vector)[$a@1: vector]
	($a@1: vector).x.x
	(($a@1: vector).x = ($a@1: vector).y): void
	($img@0: image).asd
}: error

===
Mismatched type. Expected: vector, got: int. [114..117]
Mismatched type. Expected: vector, got: int. [134..137]
Incorrect vector fields. [148..152]
Incorrect vector fields. [160..161]
Mismatched type. Expected: int, got: vector. [179..180]
Swizzle not at the end. [191..192]
Type doesn't have fields. [223..226]
