---
source: tests/tests.rs
expression: "test_util(path, false, false, true)"

---
unif img@0 : image2d@T17
fun f@1 (a@2 : float4@T16)  {
	($a@2: vector).xyzw
	($a@2: vector).xxx
	($a@2: vector).yx
	($a@2: vector).w
	($a@2: vector)[#3: int]
	($a@2: vector)[#0: int]
	(($img@0: image)[#123: int] = $a@2: vector): void
	($img@0: image)[#123: int]
	($a@2: vector).xyaw
	($a@2: vector).b
	($a@2: vector)[#4: int]
	($a@2: vector)[$a@2: vector]
	($a@2: vector).x.x
	(($a@2: vector).x = ($a@2: vector).y): void
	($img@0: image).asd
}: error

===
Mismatched type. Expected: vector, got: int. [114..117]
Mismatched type. Expected: vector, got: int. [134..137]
Incorrect vector fields. [148..152]
Incorrect vector fields. [160..161]
Mismatched type. Expected: int, got: vector. [179..180]
Swizzle not at the end. [191..192]
Type doesn't have fields. [223..226]
